[     467ms] [INFO] %cDownload the React DevTools for a better development experience: https://react.dev/link/react-devtools font-weight:bold @ http://localhost:3000/_next/static/chunks/node_modules_next_dist_1e8vcs8._.js:776
[     543ms] [LOG] [HMR] connected @ http://localhost:3000/_next/static/chunks/node_modules_next_dist_1e8vcs8._.js:776
[  296426ms] [INFO] %cDownload the React DevTools for a better development experience: https://react.dev/link/react-devtools font-weight:bold @ http://localhost:3000/_next/static/chunks/node_modules_next_dist_1e8vcs8._.js:776
[  296465ms] [LOG] [HMR] connected @ http://localhost:3000/_next/static/chunks/node_modules_next_dist_1e8vcs8._.js:776
[  297689ms] [INFO] %cDownload the React DevTools for a better development experience: https://react.dev/link/react-devtools font-weight:bold @ http://localhost:3000/_next/static/chunks/node_modules_next_dist_1e8vcs8._.js:776
[  297700ms] [LOG] [HMR] connected @ http://localhost:3000/_next/static/chunks/node_modules_next_dist_1e8vcs8._.js:776
[  298544ms] [INFO] %cDownload the React DevTools for a better development experience: https://react.dev/link/react-devtools font-weight:bold @ http://localhost:3000/_next/static/chunks/node_modules_next_dist_1e8vcs8._.js:776
[  298553ms] [LOG] [HMR] connected @ http://localhost:3000/_next/static/chunks/node_modules_next_dist_1e8vcs8._.js:776
[  417639ms] [LOG] [Fast Refresh] rebuilding @ http://localhost:3000/_next/static/chunks/node_modules_next_dist_1e8vcs8._.js:776
[  417712ms] [LOG] [Fast Refresh] done in 176ms @ http://localhost:3000/_next/static/chunks/node_modules_next_dist_1e8vcs8._.js:776
[  417788ms] [LOG] [Fast Refresh] rebuilding @ http://localhost:3000/_next/static/chunks/node_modules_next_dist_1e8vcs8._.js:776
[  417796ms] [LOG] [Fast Refresh] done in 35ms @ http://localhost:3000/_next/static/chunks/node_modules_next_dist_1e8vcs8._.js:776
[  417886ms] [LOG] [Fast Refresh] rebuilding @ http://localhost:3000/_next/static/chunks/node_modules_next_dist_1e8vcs8._.js:776
[  417917ms] [LOG] [Fast Refresh] done in 2ms @ http://localhost:3000/_next/static/chunks/node_modules_next_dist_1e8vcs8._.js:776
[  418022ms] [LOG] [Fast Refresh] rebuilding @ http://localhost:3000/_next/static/chunks/node_modules_next_dist_1e8vcs8._.js:776
[  418052ms] [LOG] [Fast Refresh] done in 2ms @ http://localhost:3000/_next/static/chunks/node_modules_next_dist_1e8vcs8._.js:776
[  418152ms] [LOG] [Fast Refresh] rebuilding @ http://localhost:3000/_next/static/chunks/node_modules_next_dist_1e8vcs8._.js:776
[  418183ms] [LOG] [Fast Refresh] done in 3ms @ http://localhost:3000/_next/static/chunks/node_modules_next_dist_1e8vcs8._.js:776
[  418357ms] [LOG] [Fast Refresh] rebuilding @ http://localhost:3000/_next/static/chunks/node_modules_next_dist_1e8vcs8._.js:776
[  418389ms] [LOG] [Fast Refresh] done in 2ms @ http://localhost:3000/_next/static/chunks/node_modules_next_dist_1e8vcs8._.js:776
[  418511ms] [LOG] [Fast Refresh] rebuilding @ http://localhost:3000/_next/static/chunks/node_modules_next_dist_1e8vcs8._.js:776
[  418541ms] [LOG] [Fast Refresh] done in 3ms @ http://localhost:3000/_next/static/chunks/node_modules_next_dist_1e8vcs8._.js:776
[  418627ms] [LOG] [Fast Refresh] rebuilding @ http://localhost:3000/_next/static/chunks/node_modules_next_dist_1e8vcs8._.js:776
[  418658ms] [LOG] [Fast Refresh] done in 2ms @ http://localhost:3000/_next/static/chunks/node_modules_next_dist_1e8vcs8._.js:776
[  418831ms] [LOG] [Fast Refresh] rebuilding @ http://localhost:3000/_next/static/chunks/node_modules_next_dist_1e8vcs8._.js:776
[  418871ms] [LOG] [Fast Refresh] done in 1ms @ http://localhost:3000/_next/static/chunks/node_modules_next_dist_1e8vcs8._.js:776
[  418923ms] Error: Invalid src prop (https://picsum.photos/seed/qazeconomics-student-study/1200/900) on `next/image`, hostname "picsum.photos" is not configured under images in your `next.config.js`
See more info: https://nextjs.org/docs/messages/next-image-unconfigured-host
    at defaultLoader (http://localhost:3000/_next/static/chunks/node_modules_next_dist_0dfntjm._.js:3047:49)
    at http://localhost:3000/_next/static/chunks/node_modules_next_dist_0dfntjm._.js:2189:39
    at Array.map (<anonymous>)
    at generateImgAttrs (http://localhost:3000/_next/static/chunks/node_modules_next_dist_0dfntjm._.js:2189:24)
    at getImgProps (http://localhost:3000/_next/static/chunks/node_modules_next_dist_0dfntjm._.js:2603:27)
    at http://localhost:3000/_next/static/chunks/node_modules_next_dist_0dfntjm._.js:333:82
    at Object.react_stack_bottom_frame (http://localhost:3000/_next/static/chunks/node_modules_next_dist_compiled_react-dom_096_9a-._.js:14894:24)
    at renderWithHooks (http://localhost:3000/_next/static/chunks/node_modules_next_dist_compiled_react-dom_096_9a-._.js:4425:24)
    at updateForwardRef (http://localhost:3000/_next/static/chunks/node_modules_next_dist_compiled_react-dom_096_9a-._.js:5717:21)
    at beginWork (http://localhost:3000/_next/static/chunks/node_modules_next_dist_compiled_react-dom_096_9a-._.js:6498:46)
    at runWithFiberInDEV (http://localhost:3000/_next/static/chunks/node_modules_next_dist_compiled_react-dom_096_9a-._.js:761:74)
    at performUnitOfWork (http://localhost:3000/_next/static/chunks/node_modules_next_dist_compiled_react-dom_096_9a-._.js:9385:97)
    at workLoopSync (http://localhost:3000/_next/static/chunks/node_modules_next_dist_compiled_react-dom_096_9a-._.js:9279:40)
    at renderRootSync (http://localhost:3000/_next/static/chunks/node_modules_next_dist_compiled_react-dom_096_9a-._.js:9263:13)
    at performWorkOnRoot (http://localhost:3000/_next/static/chunks/node_modules_next_dist_compiled_react-dom_096_9a-._.js:8928:47)
    at performWorkOnRootViaSchedulerTask (http://localhost:3000/_next/static/chunks/node_modules_next_dist_compiled_react-dom_096_9a-._.js:10085:9)
    at MessagePort.performWorkUntilDeadline (http://localhost:3000/_next/static/chunks/node_modules_next_dist_compiled_1amofcm._.js:2647:64)
[  419125ms] [LOG] [Fast Refresh] rebuilding @ http://localhost:3000/_next/static/chunks/node_modules_next_dist_1e8vcs8._.js:776
[  419125ms] [WARNING] [Fast Refresh] performing full reload because your application had an unrecoverable error @ http://localhost:3000/_next/static/chunks/node_modules_next_dist_1e8vcs8._.js:776
[  419150ms] [LOG] [Fast Refresh] done in 85ms @ http://localhost:3000/_next/static/chunks/node_modules_next_dist_1e8vcs8._.js:776
[  419216ms] [LOG] [Fast Refresh] done in 85ms @ http://localhost:3000/_next/static/chunks/node_modules_next_dist_1e8vcs8._.js:776
[  419338ms] [LOG] [Fast Refresh] done in 85ms @ http://localhost:3000/_next/static/chunks/node_modules_next_dist_1e8vcs8._.js:776
[  420775ms] [INFO] %cDownload the React DevTools for a better development experience: https://react.dev/link/react-devtools font-weight:bold @ http://localhost:3000/_next/static/chunks/node_modules_next_dist_1e8vcs8._.js:776
[  420829ms] [LOG] [HMR] connected @ http://localhost:3000/_next/static/chunks/node_modules_next_dist_1e8vcs8._.js:776
[  640774ms] [LOG] [Fast Refresh] rebuilding @ http://localhost:3000/_next/static/chunks/node_modules_next_dist_1e8vcs8._.js:776
[  641746ms] [LOG] [HMR] connected @ http://localhost:3000/_next/static/chunks/node_modules_next_dist_1e8vcs8._.js:776
[  642210ms] [INFO] %cDownload the React DevTools for a better development experience: https://react.dev/link/react-devtools font-weight:bold @ http://localhost:3000/_next/static/chunks/node_modules_next_dist_1e8vcs8._.js:776
[  642231ms] [LOG] [HMR] connected @ http://localhost:3000/_next/static/chunks/node_modules_next_dist_1e8vcs8._.js:776
[  965039ms] [ERROR] ./src/app/page.tsx:2:1
Error: Module not found: Can't resolve './_components/course-tracks'
  1 | import { Community } from "./_components/community";
> 2 | import { CourseTracks } from "./_components/course-tracks";
    | ^^^^^^^^^^^^^^^^^^^^^^^^^^^^^^^^^^^^^^^^^^^^^^^^^^^^^^^^^^^
  3 | import { FinalCta } from "./_components/final-cta";
  4 | import { Footer } from "./_components/footer";
  5 | import { Header } from "./_components/header";

https://nextjs.org/docs/messages/module-not-found @ http://localhost:3000/_next/static/chunks/node_modules_next_dist_1e8vcs8._.js:1052
[  965204ms] [LOG] [Fast Refresh] rebuilding @ http://localhost:3000/_next/static/chunks/node_modules_next_dist_1e8vcs8._.js:776
[  965341ms] [ERROR] ./src/app/page.tsx:2:1
Error: Module not found: Can't resolve './_components/course-tracks'
  1 | import { Community } from "./_components/community";
> 2 | import { CourseTracks } from "./_components/course-tracks";
    | ^^^^^^^^^^^^^^^^^^^^^^^^^^^^^^^^^^^^^^^^^^^^^^^^^^^^^^^^^^^
  3 | import { FinalCta } from "./_components/final-cta";
  4 | import { Footer } from "./_components/footer";
  5 | import { Header } from "./_components/header";

https://nextjs.org/docs/messages/module-not-found @ http://localhost:3000/_next/static/chunks/node_modules_next_dist_1e8vcs8._.js:1052
[  965415ms] [LOG] [Fast Refresh] rebuilding @ http://localhost:3000/_next/static/chunks/node_modules_next_dist_1e8vcs8._.js:776
[ 1061799ms] [ERROR] ./src/app/page.tsx:2:1
Error: Module not found: Can't resolve './_components/course-tracks'
  1 | import { Community } from "./_components/community";
> 2 | import { CourseTracks } from "./_components/course-tracks";
    | ^^^^^^^^^^^^^^^^^^^^^^^^^^^^^^^^^^^^^^^^^^^^^^^^^^^^^^^^^^^
  3 | import { FinalCta } from "./_components/final-cta";
  4 | import { Footer } from "./_components/footer";
  5 | import { Header } from "./_components/header";

https://nextjs.org/docs/messages/module-not-found @ http://localhost:3000/_next/static/chunks/node_modules_next_dist_1e8vcs8._.js:1052
[ 1061865ms] [ERROR] ./src/app/page.tsx:2:1
Error: Module not found: Can't resolve './_components/course-tracks'
  1 | import { Community } from "./_components/community";
> 2 | import { CourseTracks } from "./_components/course-tracks";
    | ^^^^^^^^^^^^^^^^^^^^^^^^^^^^^^^^^^^^^^^^^^^^^^^^^^^^^^^^^^^
  3 | import { FinalCta } from "./_components/final-cta";
  4 | import { Footer } from "./_components/footer";
  5 | import { Header } from "./_components/header";

https://nextjs.org/docs/messages/module-not-found @ http://localhost:3000/_next/static/chunks/node_modules_next_dist_1e8vcs8._.js:1052
[ 1061874ms] [LOG] [Fast Refresh] rebuilding @ http://localhost:3000/_next/static/chunks/node_modules_next_dist_1e8vcs8._.js:776
[ 1062010ms] [ERROR] ./src/app/page.tsx:2:1
Error: Module not found: Can't resolve './_components/course-tracks'
  1 | import { Community } from "./_components/community";
> 2 | import { CourseTracks } from "./_components/course-tracks";
    | ^^^^^^^^^^^^^^^^^^^^^^^^^^^^^^^^^^^^^^^^^^^^^^^^^^^^^^^^^^^
  3 | import { FinalCta } from "./_components/final-cta";
  4 | import { Footer } from "./_components/footer";
  5 | import { Header } from "./_components/header";

https://nextjs.org/docs/messages/module-not-found @ http://localhost:3000/_next/static/chunks/node_modules_next_dist_1e8vcs8._.js:1052
[ 1062090ms] [ERROR] ./src/app/page.tsx:2:1
Error: Module not found: Can't resolve './_components/course-tracks'
  1 | import { Community } from "./_components/community";
> 2 | import { CourseTracks } from "./_components/course-tracks";
    | ^^^^^^^^^^^^^^^^^^^^^^^^^^^^^^^^^^^^^^^^^^^^^^^^^^^^^^^^^^^
  3 | import { FinalCta } from "./_components/final-cta";
  4 | import { Footer } from "./_components/footer";
  5 | import { Header } from "./_components/header";

https://nextjs.org/docs/messages/module-not-found @ http://localhost:3000/_next/static/chunks/node_modules_next_dist_1e8vcs8._.js:1052
[ 1062161ms] [LOG] [Fast Refresh] rebuilding @ http://localhost:3000/_next/static/chunks/node_modules_next_dist_1e8vcs8._.js:776
[ 1062195ms] [ERROR] ./src/app/page.tsx:2:1
Error: Module not found: Can't resolve './_components/course-tracks'
  1 | import { Community } from "./_components/community";
> 2 | import { CourseTracks } from "./_components/course-tracks";
    | ^^^^^^^^^^^^^^^^^^^^^^^^^^^^^^^^^^^^^^^^^^^^^^^^^^^^^^^^^^^
  3 | import { FinalCta } from "./_components/final-cta";
  4 | import { Footer } from "./_components/footer";
  5 | import { Header } from "./_components/header";

https://nextjs.org/docs/messages/module-not-found @ http://localhost:3000/_next/static/chunks/node_modules_next_dist_1e8vcs8._.js:1052
[ 1062264ms] [LOG] [Fast Refresh] rebuilding @ http://localhost:3000/_next/static/chunks/node_modules_next_dist_1e8vcs8._.js:776
[ 1062299ms] [ERROR] ./src/app/page.tsx:2:1
Error: Module not found: Can't resolve './_components/course-tracks'
  1 | import { Community } from "./_components/community";
> 2 | import { CourseTracks } from "./_components/course-tracks";
    | ^^^^^^^^^^^^^^^^^^^^^^^^^^^^^^^^^^^^^^^^^^^^^^^^^^^^^^^^^^^
  3 | import { FinalCta } from "./_components/final-cta";
  4 | import { Footer } from "./_components/footer";
  5 | import { Header } from "./_components/header";

https://nextjs.org/docs/messages/module-not-found @ http://localhost:3000/_next/static/chunks/node_modules_next_dist_1e8vcs8._.js:1052
[ 1062367ms] [LOG] [Fast Refresh] rebuilding @ http://localhost:3000/_next/static/chunks/node_modules_next_dist_1e8vcs8._.js:776
[ 1062395ms] [ERROR] ./src/app/page.tsx:2:1
Error: Module not found: Can't resolve './_components/course-tracks'
  1 | import { Community } from "./_components/community";
> 2 | import { CourseTracks } from "./_components/course-tracks";
    | ^^^^^^^^^^^^^^^^^^^^^^^^^^^^^^^^^^^^^^^^^^^^^^^^^^^^^^^^^^^
  3 | import { FinalCta } from "./_components/final-cta";
  4 | import { Footer } from "./_components/footer";
  5 | import { Header } from "./_components/header";

https://nextjs.org/docs/messages/module-not-found @ http://localhost:3000/_next/static/chunks/node_modules_next_dist_1e8vcs8._.js:1052
[ 1062503ms] [ERROR] ./src/app/page.tsx:2:1
Error: Module not found: Can't resolve './_components/course-tracks'
  1 | import { Community } from "./_components/community";
> 2 | import { CourseTracks } from "./_components/course-tracks";
    | ^^^^^^^^^^^^^^^^^^^^^^^^^^^^^^^^^^^^^^^^^^^^^^^^^^^^^^^^^^^
  3 | import { FinalCta } from "./_components/final-cta";
  4 | import { Footer } from "./_components/footer";
  5 | import { Header } from "./_components/header";

https://nextjs.org/docs/messages/module-not-found @ http://localhost:3000/_next/static/chunks/node_modules_next_dist_1e8vcs8._.js:1052
[ 1062612ms] [ERROR] ./src/app/page.tsx:2:1
Error: Module not found: Can't resolve './_components/course-tracks'
  1 | import { Community } from "./_components/community";
> 2 | import { CourseTracks } from "./_components/course-tracks";
    | ^^^^^^^^^^^^^^^^^^^^^^^^^^^^^^^^^^^^^^^^^^^^^^^^^^^^^^^^^^^
  3 | import { FinalCta } from "./_components/final-cta";
  4 | import { Footer } from "./_components/footer";
  5 | import { Header } from "./_components/header";

https://nextjs.org/docs/messages/module-not-found @ http://localhost:3000/_next/static/chunks/node_modules_next_dist_1e8vcs8._.js:1052
[ 1062719ms] [ERROR] ./src/app/page.tsx:2:1
Error: Module not found: Can't resolve './_components/course-tracks'
  1 | import { Community } from "./_components/community";
> 2 | import { CourseTracks } from "./_components/course-tracks";
    | ^^^^^^^^^^^^^^^^^^^^^^^^^^^^^^^^^^^^^^^^^^^^^^^^^^^^^^^^^^^
  3 | import { FinalCta } from "./_components/final-cta";
  4 | import { Footer } from "./_components/footer";
  5 | import { Header } from "./_components/header";

https://nextjs.org/docs/messages/module-not-found @ http://localhost:3000/_next/static/chunks/node_modules_next_dist_1e8vcs8._.js:1052
[ 1062959ms] [LOG] [Fast Refresh] done in 688ms @ http://localhost:3000/_next/static/chunks/node_modules_next_dist_1e8vcs8._.js:776
[ 1062994ms] [LOG] [Fast Refresh] done in 720ms @ http://localhost:3000/_next/static/chunks/node_modules_next_dist_1e8vcs8._.js:776
[ 1063076ms] [LOG] [Fast Refresh] done in 720ms @ http://localhost:3000/_next/static/chunks/node_modules_next_dist_1e8vcs8._.js:776
[ 3150543ms] [ERROR] WebSocket connection to 'ws://localhost:3000/_next/hmr?id=0Z4tsElTSc0F1XrgOg93p' failed: Error in connection establishment: net::ERR_CONNECTION_REFUSED @ http://localhost:3000/_next/static/chunks/node_modules_next_dist_client_0_90u2t._.js:16348
[ 3151549ms] [ERROR] WebSocket connection to 'ws://localhost:3000/_next/hmr?id=0Z4tsElTSc0F1XrgOg93p' failed: Error in connection establishment: net::ERR_CONNECTION_REFUSED @ http://localhost:3000/_next/static/chunks/node_modules_next_dist_client_0_90u2t._.js:16348
[ 3152555ms] [ERROR] WebSocket connection to 'ws://localhost:3000/_next/hmr?id=0Z4tsElTSc0F1XrgOg93p' failed: Error in connection establishment: net::ERR_CONNECTION_REFUSED @ http://localhost:3000/_next/static/chunks/node_modules_next_dist_client_0_90u2t._.js:16348
[ 3153561ms] [ERROR] WebSocket connection to 'ws://localhost:3000/_next/hmr?id=0Z4tsElTSc0F1XrgOg93p' failed: Error in connection establishment: net::ERR_CONNECTION_REFUSED @ http://localhost:3000/_next/static/chunks/node_modules_next_dist_client_0_90u2t._.js:16348
[ 3154567ms] [ERROR] WebSocket connection to 'ws://localhost:3000/_next/hmr?id=0Z4tsElTSc0F1XrgOg93p' failed: Error in connection establishment: net::ERR_CONNECTION_REFUSED @ http://localhost:3000/_next/static/chunks/node_modules_next_dist_client_0_90u2t._.js:16348
[ 3159577ms] [ERROR] WebSocket connection to 'ws://localhost:3000/_next/hmr?id=0Z4tsElTSc0F1XrgOg93p' failed: Error in connection establishment: net::ERR_CONNECTION_REFUSED @ http://localhost:3000/_next/static/chunks/node_modules_next_dist_client_0_90u2t._.js:16348
[ 3164586ms] [ERROR] WebSocket connection to 'ws://localhost:3000/_next/hmr?id=0Z4tsElTSc0F1XrgOg93p' failed: Error in connection establishment: net::ERR_CONNECTION_REFUSED @ http://localhost:3000/_next/static/chunks/node_modules_next_dist_client_0_90u2t._.js:16348
[ 3169613ms] [ERROR] WebSocket connection to 'ws://localhost:3000/_next/hmr?id=0Z4tsElTSc0F1XrgOg93p' failed: Error in connection establishment: net::ERR_CONNECTION_REFUSED @ http://localhost:3000/_next/static/chunks/node_modules_next_dist_client_0_90u2t._.js:16348
[ 3174638ms] [ERROR] WebSocket connection to 'ws://localhost:3000/_next/hmr?id=0Z4tsElTSc0F1XrgOg93p' failed: Error in connection establishment: net::ERR_CONNECTION_REFUSED @ http://localhost:3000/_next/static/chunks/node_modules_next_dist_client_0_90u2t._.js:16348
[ 3179710ms] [ERROR] WebSocket connection to 'ws://localhost:3000/_next/hmr?id=0Z4tsElTSc0F1XrgOg93p' failed: Error in connection establishment: net::ERR_CONNECTION_REFUSED @ http://localhost:3000/_next/static/chunks/node_modules_next_dist_client_0_90u2t._.js:16348
[ 3184874ms] [ERROR] WebSocket connection to 'ws://localhost:3000/_next/hmr?id=0Z4tsElTSc0F1XrgOg93p' failed: Error in connection establishment: net::ERR_CONNECTION_REFUSED @ http://localhost:3000/_next/static/chunks/node_modules_next_dist_client_0_90u2t._.js:16348
[ 3190092ms] [ERROR] WebSocket connection to 'ws://localhost:3000/_next/hmr?id=0Z4tsElTSc0F1XrgOg93p' failed: Error in connection establishment: net::ERR_CONNECTION_REFUSED @ http://localhost:3000/_next/static/chunks/node_modules_next_dist_client_0_90u2t._.js:16348
[ 3958419ms] [INFO] %cDownload the React DevTools for a better development experience: https://react.dev/link/react-devtools font-weight:bold @ http://localhost:3000/_next/static/chunks/node_modules_next_dist_1e8vcs8._.js:776
[ 3958501ms] [LOG] [HMR] connected @ http://localhost:3000/_next/static/chunks/node_modules_next_dist_1e8vcs8._.js:776
[ 3972384ms] [LOG] [Fast Refresh] rebuilding @ http://localhost:3000/_next/static/chunks/node_modules_next_dist_1e8vcs8._.js:776
[ 3972473ms] [LOG] [Fast Refresh] done in 156ms @ http://localhost:3000/_next/static/chunks/node_modules_next_dist_1e8vcs8._.js:776
[ 3994101ms] [LOG] [Fast Refresh] done in 156ms @ http://localhost:3000/_next/static/chunks/node_modules_next_dist_1e8vcs8._.js:776
[ 4000836ms] [LOG] [Fast Refresh] rebuilding @ http://localhost:3000/_next/static/chunks/node_modules_next_dist_1e8vcs8._.js:776
[ 4001499ms] [ERROR] ./src/app/_components/articles.tsx:25:10
Error: the name `articles` is defined multiple times
  23 |
  24 | import Link from "next/link";
> 25 | import { articles } from "../_lib/content";
     |          ^^^^^^^^
  26 |
  27 | export function Articles() {
  28 |   return (

Ecmascript file had an error

Import trace:
  Server Component:
    ./src/app/_components/articles.tsx
    ./src/app/page.tsx @ http://localhost:3000/_next/static/chunks/node_modules_next_dist_1e8vcs8._.js:1052
[ 4001500ms] [ERROR] ./src/app/_components/events.tsx:26:10
Error: the name `events` is defined multiple times
  24 |
  25 | import Link from "next/link";
> 26 | import { events } from "../_lib/content";
     |          ^^^^^^
  27 |
  28 | export function Events() {
  29 |   return (

Ecmascript file had an error

Import trace:
  Server Component:
    ./src/app/_components/events.tsx
    ./src/app/page.tsx @ http://localhost:3000/_next/static/chunks/node_modules_next_dist_1e8vcs8._.js:1052
[ 4001629ms] [ERROR] ./src/app/_components/articles.tsx:25:10
Error: the name `articles` is defined multiple times
  23 |
  24 | import Link from "next/link";
> 25 | import { articles } from "../_lib/content";
     |          ^^^^^^^^
  26 |
  27 | export function Articles() {
  28 |   return (

Ecmascript file had an error

Import trace:
  Server Component:
    ./src/app/_components/articles.tsx
    ./src/app/page.tsx @ http://localhost:3000/_next/static/chunks/node_modules_next_dist_1e8vcs8._.js:1052
[ 4001629ms] [ERROR] ./src/app/_components/events.tsx:26:10
Error: the name `events` is defined multiple times
  24 |
  25 | import Link from "next/link";
> 26 | import { events } from "../_lib/content";
     |          ^^^^^^
  27 |
  28 | export function Events() {
  29 |   return (

Ecmascript file had an error

Import trace:
  Server Component:
    ./src/app/_components/events.tsx
    ./src/app/page.tsx @ http://localhost:3000/_next/static/chunks/node_modules_next_dist_1e8vcs8._.js:1052
[ 4017497ms] [ERROR] ./src/app/_components/articles.tsx:25:10
Error: the name `articles` is defined multiple times
  23 |
  24 | import Link from "next/link";
> 25 | import { articles } from "../_lib/content";
     |          ^^^^^^^^
  26 |
  27 | export function Articles() {
  28 |   return (

Ecmascript file had an error

Import trace:
  Server Component:
    ./src/app/_components/articles.tsx
    ./src/app/page.tsx @ http://localhost:3000/_next/static/chunks/node_modules_next_dist_1e8vcs8._.js:1052
[ 4017500ms] [ERROR] ./src/app/_components/events.tsx:26:10
Error: the name `events` is defined multiple times
  24 |
  25 | import Link from "next/link";
> 26 | import { events } from "../_lib/content";
     |          ^^^^^^
  27 |
  28 | export function Events() {
  29 |   return (

Ecmascript file had an error

Import trace:
  Server Component:
    ./src/app/_components/events.tsx
    ./src/app/page.tsx @ http://localhost:3000/_next/static/chunks/node_modules_next_dist_1e8vcs8._.js:1052
[ 4037408ms] [LOG] [Fast Refresh] rebuilding @ http://localhost:3000/_next/static/chunks/node_modules_next_dist_1e8vcs8._.js:776
[ 4038044ms] [ERROR] ./src/app/_components/articles.tsx:25:10
Error: the name `articles` is defined multiple times
  23 |
  24 | import Link from "next/link";
> 25 | import { articles } from "../_lib/content";
     |          ^^^^^^^^
  26 |
  27 | export function Articles() {
  28 |   return (

Ecmascript file had an error

Import trace:
  Server Component:
    ./src/app/_components/articles.tsx
    ./src/app/page.tsx @ http://localhost:3000/_next/static/chunks/node_modules_next_dist_1e8vcs8._.js:1052
[ 4038044ms] [ERROR] ./src/app/_components/events.tsx:26:10
Error: the name `events` is defined multiple times
  24 |
  25 | import Link from "next/link";
> 26 | import { events } from "../_lib/content";
     |          ^^^^^^
  27 |
  28 | export function Events() {
  29 |   return (

Ecmascript file had an error

Import trace:
  Server Component:
    ./src/app/_components/events.tsx
    ./src/app/page.tsx @ http://localhost:3000/_next/static/chunks/node_modules_next_dist_1e8vcs8._.js:1052
[ 4038099ms] [ERROR] ./src/app/_components/articles.tsx:25:10
Error: the name `articles` is defined multiple times
  23 |
  24 | import Link from "next/link";
> 25 | import { articles } from "../_lib/content";
     |          ^^^^^^^^
  26 |
  27 | export function Articles() {
  28 |   return (

Ecmascript file had an error

Import trace:
  Server Component:
    ./src/app/_components/articles.tsx
    ./src/app/page.tsx @ http://localhost:3000/_next/static/chunks/node_modules_next_dist_1e8vcs8._.js:1052
[ 4038099ms] [ERROR] ./src/app/_components/events.tsx:26:10
Error: the name `events` is defined multiple times
  24 |
  25 | import Link from "next/link";
> 26 | import { events } from "../_lib/content";
     |          ^^^^^^
  27 |
  28 | export function Events() {
  29 |   return (

Ecmascript file had an error

Import trace:
  Server Component:
    ./src/app/_components/events.tsx
    ./src/app/page.tsx @ http://localhost:3000/_next/static/chunks/node_modules_next_dist_1e8vcs8._.js:1052
[ 4038311ms] [ERROR] ./src/app/_components/articles.tsx:25:10
Error: the name `articles` is defined multiple times
  23 |
  24 | import Link from "next/link";
> 25 | import { articles } from "../_lib/content";
     |          ^^^^^^^^
  26 |
  27 | export function Articles() {
  28 |   return (

Ecmascript file had an error

Import trace:
  Server Component:
    ./src/app/_components/articles.tsx
    ./src/app/page.tsx @ http://localhost:3000/_next/static/chunks/node_modules_next_dist_1e8vcs8._.js:1052
[ 4038311ms] [ERROR] ./src/app/_components/events.tsx:26:10
Error: the name `events` is defined multiple times
  24 |
  25 | import Link from "next/link";
> 26 | import { events } from "../_lib/content";
     |          ^^^^^^
  27 |
  28 | export function Events() {
  29 |   return (

Ecmascript file had an error

Import trace:
  Server Component:
    ./src/app/_components/events.tsx
    ./src/app/page.tsx @ http://localhost:3000/_next/static/chunks/node_modules_next_dist_1e8vcs8._.js:1052
[ 4038314ms] [LOG] [Fast Refresh] rebuilding @ http://localhost:3000/_next/static/chunks/node_modules_next_dist_1e8vcs8._.js:776
[ 4038417ms] [ERROR] Failed to load resource: the server responded with a status of 500 (Internal Server Error) @ http://localhost:3000/?_rsc=bFe_VC0g8VplWXKP#top:0
[ 4038463ms] [ERROR] Failed to load resource: the server responded with a status of 500 (Internal Server Error) @ http://localhost:3000/?_rsc=bFe_VC0g8VplWXKP#top:0
[ 4038510ms] [ERROR] Failed to load resource: the server responded with a status of 500 (Internal Server Error) @ http://localhost:3000/?_rsc=bFe_VC0g8VplWXKP#top:0
[ 4038580ms] [ERROR] Failed to load resource: the server responded with a status of 500 (Internal Server Error) @ http://localhost:3000/?_rsc=bFe_VC0g8VplWXKP#top:0
[ 4038607ms] [ERROR] Failed to load resource: the server responded with a status of 500 (Internal Server Error) @ http://localhost:3000/?_rsc=bFe_VC0g8VplWXKP#top:0
[ 4038621ms] [LOG] [Fast Refresh] rebuilding @ http://localhost:3000/_next/static/chunks/node_modules_next_dist_1e8vcs8._.js:776
[ 4038638ms] [ERROR] Failed to load resource: the server responded with a status of 500 (Internal Server Error) @ http://localhost:3000/?_rsc=bFe_VC0g8VplWXKP#top:0
[ 4038669ms] [ERROR] Failed to load resource: the server responded with a status of 500 (Internal Server Error) @ http://localhost:3000/?_rsc=bFe_VC0g8VplWXKP#top:0
[ 4038710ms] [ERROR] Failed to load resource: the server responded with a status of 500 (Internal Server Error) @ http://localhost:3000/?_rsc=bFe_VC0g8VplWXKP#top:0
[ 4038742ms] [ERROR] Failed to load resource: the server responded with a status of 500 (Internal Server Error) @ http://localhost:3000/?_rsc=bFe_VC0g8VplWXKP#top:0
[ 4038761ms] [ERROR] Failed to load resource: the server responded with a status of 500 (Internal Server Error) @ http://localhost:3000/?_rsc=bFe_VC0g8VplWXKP#top:0
[ 4038843ms] [ERROR] ./src/app/_components/articles.tsx:25:10
Error: the name `articles` is defined multiple times
  23 |
  24 | import Link from "next/link";
> 25 | import { articles } from "../_lib/content";
     |          ^^^^^^^^
  26 |
  27 | export function Articles() {
  28 |   return (

Ecmascript file had an error

Import trace:
  Server Component:
    ./src/app/_components/articles.tsx
    ./src/app/page.tsx @ http://localhost:3000/_next/static/chunks/node_modules_next_dist_1e8vcs8._.js:1052
[ 4038843ms] [ERROR] ./src/app/_components/events.tsx:26:10
Error: the name `events` is defined multiple times
  24 |
  25 | import Link from "next/link";
> 26 | import { events } from "../_lib/content";
     |          ^^^^^^
  27 |
  28 | export function Events() {
  29 |   return (

Ecmascript file had an error

Import trace:
  Server Component:
    ./src/app/_components/events.tsx
    ./src/app/page.tsx @ http://localhost:3000/_next/static/chunks/node_modules_next_dist_1e8vcs8._.js:1052
[ 4038880ms] [ERROR] Failed to load resource: the server responded with a status of 500 (Internal Server Error) @ http://localhost:3000/?_rsc=bFe_VC0g8VplWXKP#top:0
[ 4038885ms] [ERROR] ./src/app/_components/articles.tsx:25:10
Error: the name `articles` is defined multiple times
  23 |
  24 | import Link from "next/link";
> 25 | import { articles } from "../_lib/content";
     |          ^^^^^^^^
  26 |
  27 | export function Articles() {
  28 |   return (

Ecmascript file had an error

Import trace:
  Server Component:
    ./src/app/_components/articles.tsx
    ./src/app/page.tsx @ http://localhost:3000/_next/static/chunks/node_modules_next_dist_1e8vcs8._.js:1052
[ 4038885ms] [ERROR] ./src/app/_components/events.tsx:26:10
Error: the name `events` is defined multiple times
  24 |
  25 | import Link from "next/link";
> 26 | import { events } from "../_lib/content";
     |          ^^^^^^
  27 |
  28 | export function Events() {
  29 |   return (

Ecmascript file had an error

Import trace:
  Server Component:
    ./src/app/_components/events.tsx
    ./src/app/page.tsx @ http://localhost:3000/_next/static/chunks/node_modules_next_dist_1e8vcs8._.js:1052
[ 4038910ms] [ERROR] Failed to load resource: the server responded with a status of 500 (Internal Server Error) @ http://localhost:3000/?_rsc=bFe_VC0g8VplWXKP#top:0
[ 4038932ms] [ERROR] ./src/app/_components/articles.tsx:25:10
Error: the name `articles` is defined multiple times
  23 |
  24 | import Link from "next/link";
> 25 | import { articles } from "../_lib/content";
     |          ^^^^^^^^
  26 |
  27 | export function Articles() {
  28 |   return (

Ecmascript file had an error

Import trace:
  Server Component:
    ./src/app/_components/articles.tsx
    ./src/app/page.tsx @ http://localhost:3000/_next/static/chunks/node_modules_next_dist_1e8vcs8._.js:1052
[ 4038932ms] [ERROR] ./src/app/_components/events.tsx:26:10
Error: the name `events` is defined multiple times
  24 |
  25 | import Link from "next/link";
> 26 | import { events } from "../_lib/content";
     |          ^^^^^^
  27 |
  28 | export function Events() {
  29 |   return (

Ecmascript file had an error

Import trace:
  Server Component:
    ./src/app/_components/events.tsx
    ./src/app/page.tsx @ http://localhost:3000/_next/static/chunks/node_modules_next_dist_1e8vcs8._.js:1052
[ 4061441ms] [LOG] [Fast Refresh] rebuilding @ http://localhost:3000/_next/static/chunks/node_modules_next_dist_1e8vcs8._.js:776
[ 4061863ms] [ERROR] ./src/app/_components/articles.tsx:25:10
Error: the name `articles` is defined multiple times
  23 |
  24 | import Link from "next/link";
> 25 | import { articles } from "../_lib/content";
     |          ^^^^^^^^
  26 |
  27 | export function Articles() {
  28 |   return (

Ecmascript file had an error

Import trace:
  Server Component:
    ./src/app/_components/articles.tsx
    ./src/app/page.tsx @ http://localhost:3000/_next/static/chunks/node_modules_next_dist_1e8vcs8._.js:1052
[ 4061863ms] [ERROR] ./src/app/_components/events.tsx:26:10
Error: the name `events` is defined multiple times
  24 |
  25 | import Link from "next/link";
> 26 | import { events } from "../_lib/content";
     |          ^^^^^^
  27 |
  28 | export function Events() {
  29 |   return (

Ecmascript file had an error

Import trace:
  Server Component:
    ./src/app/_components/events.tsx
    ./src/app/page.tsx @ http://localhost:3000/_next/static/chunks/node_modules_next_dist_1e8vcs8._.js:1052
[ 4061882ms] [ERROR] Failed to load resource: the server responded with a status of 500 (Internal Server Error) @ http://localhost:3000/?_rsc=bFe_VC0g8VplWXKP#top:0
[ 4061988ms] [ERROR] ./src/app/_components/articles.tsx:25:10
Error: the name `articles` is defined multiple times
  23 |
  24 | import Link from "next/link";
> 25 | import { articles } from "../_lib/content";
     |          ^^^^^^^^
  26 |
  27 | export function Articles() {
  28 |   return (

Ecmascript file had an error

Import trace:
  Server Component:
    ./src/app/_components/articles.tsx
    ./src/app/page.tsx @ http://localhost:3000/_next/static/chunks/node_modules_next_dist_1e8vcs8._.js:1052
[ 4061988ms] [ERROR] ./src/app/_components/events.tsx:26:10
Error: the name `events` is defined multiple times
  24 |
  25 | import Link from "next/link";
> 26 | import { events } from "../_lib/content";
     |          ^^^^^^
  27 |
  28 | export function Events() {
  29 |   return (

Ecmascript file had an error

Import trace:
  Server Component:
    ./src/app/_components/events.tsx
    ./src/app/page.tsx @ http://localhost:3000/_next/static/chunks/node_modules_next_dist_1e8vcs8._.js:1052
[ 4061989ms] [ERROR] Failed to load resource: the server responded with a status of 500 (Internal Server Error) @ http://localhost:3000/?_rsc=bFe_VC0g8VplWXKP#top:0
[ 4062053ms] [ERROR] Failed to load resource: the server responded with a status of 500 (Internal Server Error) @ http://localhost:3000/?_rsc=bFe_VC0g8VplWXKP#top:0
[ 4062056ms] [ERROR] ./src/app/_components/articles.tsx:25:10
Error: the name `articles` is defined multiple times
  23 |
  24 | import Link from "next/link";
> 25 | import { articles } from "../_lib/content";
     |          ^^^^^^^^
  26 |
  27 | export function Articles() {
  28 |   return (

Ecmascript file had an error

Import trace:
  Server Component:
    ./src/app/_components/articles.tsx
    ./src/app/page.tsx @ http://localhost:3000/_next/static/chunks/node_modules_next_dist_1e8vcs8._.js:1052
[ 4062056ms] [ERROR] ./src/app/_components/events.tsx:26:10
Error: the name `events` is defined multiple times
  24 |
  25 | import Link from "next/link";
> 26 | import { events } from "../_lib/content";
     |          ^^^^^^
  27 |
  28 | export function Events() {
  29 |   return (

Ecmascript file had an error

Import trace:
  Server Component:
    ./src/app/_components/events.tsx
    ./src/app/page.tsx @ http://localhost:3000/_next/static/chunks/node_modules_next_dist_1e8vcs8._.js:1052
[ 4062173ms] [ERROR] ./src/app/_components/articles.tsx:25:10
Error: the name `articles` is defined multiple times
  23 |
  24 | import Link from "next/link";
> 25 | import { articles } from "../_lib/content";
     |          ^^^^^^^^
  26 |
  27 | export function Articles() {
  28 |   return (

Ecmascript file had an error

Import trace:
  Server Component:
    ./src/app/_components/articles.tsx
    ./src/app/page.tsx @ http://localhost:3000/_next/static/chunks/node_modules_next_dist_1e8vcs8._.js:1052
[ 4062173ms] [ERROR] ./src/app/_components/events.tsx:26:10
Error: the name `events` is defined multiple times
  24 |
  25 | import Link from "next/link";
> 26 | import { events } from "../_lib/content";
     |          ^^^^^^
  27 |
  28 | export function Events() {
  29 |   return (

Ecmascript file had an error

Import trace:
  Server Component:
    ./src/app/_components/events.tsx
    ./src/app/page.tsx @ http://localhost:3000/_next/static/chunks/node_modules_next_dist_1e8vcs8._.js:1052
[ 4062209ms] [ERROR] Failed to load resource: the server responded with a status of 500 (Internal Server Error) @ http://localhost:3000/?_rsc=bFe_VC0g8VplWXKP#top:0
[ 4062237ms] [ERROR] Failed to load resource: the server responded with a status of 500 (Internal Server Error) @ http://localhost:3000/?_rsc=bFe_VC0g8VplWXKP#top:0
[ 4062255ms] [ERROR] Failed to load resource: the server responded with a status of 500 (Internal Server Error) @ http://localhost:3000/?_rsc=bFe_VC0g8VplWXKP#top:0
[ 4062268ms] [ERROR] Failed to load resource: the server responded with a status of 500 (Internal Server Error) @ http://localhost:3000/?_rsc=bFe_VC0g8VplWXKP#top:0
[ 4062284ms] [ERROR] Failed to load resource: the server responded with a status of 500 (Internal Server Error) @ http://localhost:3000/?_rsc=bFe_VC0g8VplWXKP#top:0
[ 4062298ms] [ERROR] Failed to load resource: the server responded with a status of 500 (Internal Server Error) @ http://localhost:3000/?_rsc=bFe_VC0g8VplWXKP#top:0
[ 4062326ms] [ERROR] Failed to load resource: the server responded with a status of 500 (Internal Server Error) @ http://localhost:3000/?_rsc=bFe_VC0g8VplWXKP#top:0
[ 4062342ms] [ERROR] Failed to load resource: the server responded with a status of 500 (Internal Server Error) @ http://localhost:3000/?_rsc=bFe_VC0g8VplWXKP#top:0
[ 4062360ms] [ERROR] Failed to load resource: the server responded with a status of 500 (Internal Server Error) @ http://localhost:3000/?_rsc=bFe_VC0g8VplWXKP#top:0
[ 4062376ms] [LOG] [Fast Refresh] rebuilding @ http://localhost:3000/_next/static/chunks/node_modules_next_dist_1e8vcs8._.js:776
[ 4062381ms] [ERROR] Failed to load resource: the server responded with a status of 500 (Internal Server Error) @ http://localhost:3000/?_rsc=bFe_VC0g8VplWXKP#top:0
[ 4062398ms] [ERROR] Failed to load resource: the server responded with a status of 500 (Internal Server Error) @ http://localhost:3000/?_rsc=bFe_VC0g8VplWXKP#top:0
[ 4062428ms] [ERROR] Failed to load resource: the server responded with a status of 500 (Internal Server Error) @ http://localhost:3000/?_rsc=bFe_VC0g8VplWXKP#top:0
[ 4062450ms] [ERROR] Failed to load resource: the server responded with a status of 500 (Internal Server Error) @ http://localhost:3000/?_rsc=bFe_VC0g8VplWXKP#top:0
[ 4062483ms] [ERROR] Failed to load resource: the server responded with a status of 500 (Internal Server Error) @ http://localhost:3000/?_rsc=bFe_VC0g8VplWXKP#top:0
[ 4062504ms] [ERROR] Failed to load resource: the server responded with a status of 500 (Internal Server Error) @ http://localhost:3000/?_rsc=bFe_VC0g8VplWXKP#top:0
[ 4062521ms] [ERROR] Failed to load resource: the server responded with a status of 500 (Internal Server Error) @ http://localhost:3000/?_rsc=bFe_VC0g8VplWXKP#top:0
[ 4062533ms] [ERROR] Failed to load resource: the server responded with a status of 500 (Internal Server Error) @ http://localhost:3000/?_rsc=bFe_VC0g8VplWXKP#top:0
[ 4062554ms] [ERROR] Failed to load resource: the server responded with a status of 500 (Internal Server Error) @ http://localhost:3000/?_rsc=bFe_VC0g8VplWXKP#top:0
[ 4062570ms] [ERROR] Failed to load resource: the server responded with a status of 500 (Internal Server Error) @ http://localhost:3000/?_rsc=bFe_VC0g8VplWXKP#top:0
[ 4062638ms] [ERROR] ./src/app/_components/articles.tsx:25:10
Error: the name `articles` is defined multiple times
  23 |
  24 | import Link from "next/link";
> 25 | import { articles } from "../_lib/content";
     |          ^^^^^^^^
  26 |
  27 | export function Articles() {
  28 |   return (

Ecmascript file had an error

Import trace:
  Server Component:
    ./src/app/_components/articles.tsx
    ./src/app/page.tsx @ http://localhost:3000/_next/static/chunks/node_modules_next_dist_1e8vcs8._.js:1052
[ 4062638ms] [ERROR] ./src/app/_components/events.tsx:26:10
Error: the name `events` is defined multiple times
  24 |
  25 | import Link from "next/link";
> 26 | import { events } from "../_lib/content";
     |          ^^^^^^
  27 |
  28 | export function Events() {
  29 |   return (

Ecmascript file had an error

Import trace:
  Server Component:
    ./src/app/_components/events.tsx
    ./src/app/page.tsx @ http://localhost:3000/_next/static/chunks/node_modules_next_dist_1e8vcs8._.js:1052
[ 4062739ms] [ERROR] Failed to load resource: the server responded with a status of 500 (Internal Server Error) @ http://localhost:3000/?_rsc=bFe_VC0g8VplWXKP#top:0
[ 4062775ms] [ERROR] Failed to load resource: the server responded with a status of 500 (Internal Server Error) @ http://localhost:3000/?_rsc=bFe_VC0g8VplWXKP#top:0
[ 4062790ms] [ERROR] ./src/app/_components/articles.tsx:25:10
Error: the name `articles` is defined multiple times
  23 |
  24 | import Link from "next/link";
> 25 | import { articles } from "../_lib/content";
     |          ^^^^^^^^
  26 |
  27 | export function Articles() {
  28 |   return (

Ecmascript file had an error

Import trace:
  Server Component:
    ./src/app/_components/articles.tsx
    ./src/app/page.tsx @ http://localhost:3000/_next/static/chunks/node_modules_next_dist_1e8vcs8._.js:1052
[ 4062790ms] [ERROR] ./src/app/_components/events.tsx:26:10
Error: the name `events` is defined multiple times
  24 |
  25 | import Link from "next/link";
> 26 | import { events } from "../_lib/content";
     |          ^^^^^^
  27 |
  28 | export function Events() {
  29 |   return (

Ecmascript file had an error

Import trace:
  Server Component:
    ./src/app/_components/events.tsx
    ./src/app/page.tsx @ http://localhost:3000/_next/static/chunks/node_modules_next_dist_1e8vcs8._.js:1052
[ 4062836ms] [ERROR] Failed to load resource: the server responded with a status of 500 (Internal Server Error) @ http://localhost:3000/?_rsc=bFe_VC0g8VplWXKP#top:0
[ 4062844ms] [ERROR] ./src/app/_components/articles.tsx:25:10
Error: the name `articles` is defined multiple times
  23 |
  24 | import Link from "next/link";
> 25 | import { articles } from "../_lib/content";
     |          ^^^^^^^^
  26 |
  27 | export function Articles() {
  28 |   return (

Ecmascript file had an error

Import trace:
  Server Component:
    ./src/app/_components/articles.tsx
    ./src/app/page.tsx @ http://localhost:3000/_next/static/chunks/node_modules_next_dist_1e8vcs8._.js:1052
[ 4062844ms] [ERROR] ./src/app/_components/events.tsx:26:10
Error: the name `events` is defined multiple times
  24 |
  25 | import Link from "next/link";
> 26 | import { events } from "../_lib/content";
     |          ^^^^^^
  27 |
  28 | export function Events() {
  29 |   return (

Ecmascript file had an error

Import trace:
  Server Component:
    ./src/app/_components/events.tsx
    ./src/app/page.tsx @ http://localhost:3000/_next/static/chunks/node_modules_next_dist_1e8vcs8._.js:1052
[ 4083356ms] [ERROR] ./src/app/_components/articles.tsx:25:10
Error: the name `articles` is defined multiple times
  23 |
  24 | import Link from "next/link";
> 25 | import { articles } from "../_lib/content";
     |          ^^^^^^^^
  26 |
  27 | export function Articles() {
  28 |   return (

Ecmascript file had an error

Import trace:
  Server Component:
    ./src/app/_components/articles.tsx
    ./src/app/page.tsx @ http://localhost:3000/_next/static/chunks/node_modules_next_dist_1e8vcs8._.js:1052
[ 4083357ms] [ERROR] ./src/app/_components/events.tsx:26:10
Error: the name `events` is defined multiple times
  24 |
  25 | import Link from "next/link";
> 26 | import { events } from "../_lib/content";
     |          ^^^^^^
  27 |
  28 | export function Events() {
  29 |   return (

Ecmascript file had an error

Import trace:
  Server Component:
    ./src/app/_components/events.tsx
    ./src/app/page.tsx @ http://localhost:3000/_next/static/chunks/node_modules_next_dist_1e8vcs8._.js:1052
[ 4092370ms] [ERROR] ./src/app/_components/articles.tsx:25:10
Error: the name `articles` is defined multiple times
  23 |
  24 | import Link from "next/link";
> 25 | import { articles } from "../_lib/content";
     |          ^^^^^^^^
  26 |
  27 | export function Articles() {
  28 |   return (

Ecmascript file had an error

Import trace:
  Server Component:
    ./src/app/_components/articles.tsx
    ./src/app/page.tsx @ http://localhost:3000/_next/static/chunks/node_modules_next_dist_1e8vcs8._.js:1052
[ 4092370ms] [ERROR] ./src/app/_components/events.tsx:26:10
Error: the name `events` is defined multiple times
  24 |
  25 | import Link from "next/link";
> 26 | import { events } from "../_lib/content";
     |          ^^^^^^
  27 |
  28 | export function Events() {
  29 |   return (

Ecmascript file had an error

Import trace:
  Server Component:
    ./src/app/_components/events.tsx
    ./src/app/page.tsx @ http://localhost:3000/_next/static/chunks/node_modules_next_dist_1e8vcs8._.js:1052
[ 4092431ms] [LOG] [Fast Refresh] rebuilding @ http://localhost:3000/_next/static/chunks/node_modules_next_dist_1e8vcs8._.js:776
[ 4111057ms] [LOG] [Fast Refresh] done in 18708ms @ http://localhost:3000/_next/static/chunks/node_modules_next_dist_1e8vcs8._.js:776
[ 4111071ms] [LOG] [Fast Refresh] done in 18708ms @ http://localhost:3000/_next/static/chunks/node_modules_next_dist_1e8vcs8._.js:776
[ 4111230ms] [LOG] [Fast Refresh] done in 18708ms @ http://localhost:3000/_next/static/chunks/node_modules_next_dist_1e8vcs8._.js:776
[ 4111385ms] [LOG] [Fast Refresh] done in 18708ms @ http://localhost:3000/_next/static/chunks/node_modules_next_dist_1e8vcs8._.js:776
[ 4128725ms] [LOG] [Fast Refresh] done in 18708ms @ http://localhost:3000/_next/static/chunks/node_modules_next_dist_1e8vcs8._.js:776
[ 4128775ms] [LOG] [Fast Refresh] done in 18708ms @ http://localhost:3000/_next/static/chunks/node_modules_next_dist_1e8vcs8._.js:776
[ 4128857ms] [LOG] [Fast Refresh] done in 18708ms @ http://localhost:3000/_next/static/chunks/node_modules_next_dist_1e8vcs8._.js:776
[ 4133333ms] [LOG] [Fast Refresh] done in 18708ms @ http://localhost:3000/_next/static/chunks/node_modules_next_dist_1e8vcs8._.js:776
[ 4133533ms] [INFO] %cDownload the React DevTools for a better development experience: https://react.dev/link/react-devtools font-weight:bold @ http://localhost:3000/_next/static/chunks/node_modules_next_dist_1e8vcs8._.js:776
[ 4133557ms] [LOG] [HMR] connected @ http://localhost:3000/_next/static/chunks/node_modules_next_dist_1e8vcs8._.js:776
[ 4188476ms] [LOG] [Fast Refresh] rebuilding @ http://localhost:3000/_next/static/chunks/node_modules_next_dist_1e8vcs8._.js:776
[ 4188880ms] [LOG] [Fast Refresh] done in 506ms @ http://localhost:3000/_next/static/chunks/node_modules_next_dist_1e8vcs8._.js:776
[ 4188951ms] [WARNING] Detected `scroll-behavior: smooth` on the `<html>` element. To disable smooth scrolling during route transitions, add `data-scroll-behavior="smooth"` to your <html> element. Learn more: https://nextjs.org/docs/messages/missing-data-scroll-behavior @ http://localhost:3000/_next/static/chunks/node_modules_next_dist_1e8vcs8._.js:776
[ 4199408ms] [LOG] [Fast Refresh] rebuilding @ http://localhost:3000/_next/static/chunks/node_modules_next_dist_1e8vcs8._.js:776
[ 4199493ms] [LOG] [Fast Refresh] done in 187ms @ http://localhost:3000/_next/static/chunks/node_modules_next_dist_1e8vcs8._.js:776
